[2026-01-24T14:07:12.754Z] INFO: Aplicação Koketsu Desktop iniciada
[2026-01-24T14:07:12.817Z] INFO: Todos os handlers IPC registrados
[2026-01-24T14:07:12.932Z] INFO: Janela principal criada
[2026-01-24T14:07:22.928Z] WARN: Tentativa de login falha para usuário: admin
[2026-01-24T14:07:22.930Z] ERROR: Erro no login "Usuário ou senha inválidos"
[2026-01-24T14:07:22.931Z] ERROR: Erro no IPC auth:login "Usuário ou senha inválidos"
[2026-01-24T14:07:30.915Z] WARN: Tentativa de login falha para usuário: admin
[2026-01-24T14:07:30.918Z] ERROR: Erro no login "Usuário ou senha inválidos"
[2026-01-24T14:07:30.943Z] ERROR: Erro no IPC auth:login "Usuário ou senha inválidos"
[2026-01-24T14:07:38.596Z] WARN: Tentativa de login falha para usuário: admin
[2026-01-24T14:07:38.600Z] ERROR: Erro no login "Usuário ou senha inválidos"
[2026-01-24T14:07:38.600Z] ERROR: Erro no IPC auth:login "Usuário ou senha inválidos"
[2026-01-24T14:07:59.474Z] INFO: Configuração salva com sucesso
[2026-01-24T14:07:59.475Z] INFO: Login bem-sucedido para usuário: admin
[2026-01-24T14:08:04.498Z] INFO: Produtos listados
[2026-01-24T14:08:06.380Z] INFO: Clientes listados
[2026-01-24T14:08:22.051Z] INFO: Produtos listados
[2026-01-24T14:09:01.530Z] INFO: Produto atualizado. ID: 22 {"nome":"tenisvaldo"}
[2026-01-24T14:09:14.888Z] INFO: Produto atualizado. ID: 22 {"nome":"tenisvaldo"}
[2026-01-24T14:09:32.374Z] INFO: Produtos listados
[2026-01-24T14:09:34.350Z] INFO: Clientes listados
[2026-01-24T14:12:45.445Z] INFO: Aplicação Koketsu Desktop iniciada
[2026-01-24T14:12:45.513Z] INFO: Todos os handlers IPC registrados
[2026-01-24T14:12:45.669Z] INFO: Janela principal criada
[2026-01-24T14:12:46.088Z] INFO: Dashboard carregado
[2026-01-24T14:12:46.101Z] INFO: Produtos listados
[2026-01-24T14:12:54.310Z] INFO: Produtos listados
[2026-01-24T14:12:54.350Z] INFO: Tamanhos listados para produto 1
[2026-01-24T14:12:54.361Z] INFO: Tamanhos listados para produto 21
[2026-01-24T14:12:54.367Z] INFO: Tamanhos listados para produto 22
[2026-01-24T14:12:54.374Z] INFO: Tamanhos listados para produto 23
[2026-01-24T14:12:54.386Z] INFO: Tamanhos listados para produto 24
[2026-01-24T14:12:54.401Z] INFO: Tamanhos listados para produto 25
[2026-01-24T14:12:56.415Z] INFO: Dashboard carregado
[2026-01-24T14:12:56.425Z] INFO: Produtos listados
[2026-01-24T14:13:07.015Z] INFO: Produtos listados
[2026-01-24T14:13:07.046Z] INFO: Tamanhos listados para produto 1
[2026-01-24T14:13:07.097Z] INFO: Tamanhos listados para produto 21
[2026-01-24T14:13:07.110Z] INFO: Tamanhos listados para produto 22
[2026-01-24T14:13:07.127Z] INFO: Tamanhos listados para produto 23
[2026-01-24T14:13:07.138Z] INFO: Tamanhos listados para produto 24
[2026-01-24T14:13:07.146Z] INFO: Tamanhos listados para produto 25
[2026-01-24T14:13:11.666Z] INFO: Tamanhos listados para produto 22
[2026-01-24T14:13:35.330Z] INFO: Produto atualizado. ID: 22 {"nome":"tenisvaldo"}
[2026-01-24T14:13:35.477Z] INFO: 2 tamanhos excluídos do produto 22
[2026-01-24T14:13:35.608Z] INFO: Tamanho criado. ID: 32, Produto: 22
[2026-01-24T14:13:35.718Z] INFO: Tamanho criado. ID: 33, Produto: 22
[2026-01-24T14:13:35.819Z] INFO: Tamanho criado. ID: 34, Produto: 22
[2026-01-24T14:13:38.458Z] INFO: Produtos listados
[2026-01-24T14:13:38.477Z] INFO: Tamanhos listados para produto 1
[2026-01-24T14:13:38.485Z] INFO: Tamanhos listados para produto 21
[2026-01-24T14:13:38.492Z] INFO: Tamanhos listados para produto 22
[2026-01-24T14:13:38.499Z] INFO: Tamanhos listados para produto 23
[2026-01-24T14:13:38.505Z] INFO: Tamanhos listados para produto 24
[2026-01-24T14:13:38.512Z] INFO: Tamanhos listados para produto 25
[2026-01-24T14:13:58.063Z] INFO: Produtos listados
[2026-01-24T14:13:58.119Z] INFO: Tamanhos listados para produto 1
[2026-01-24T14:13:58.131Z] INFO: Tamanhos listados para produto 21
[2026-01-24T14:13:58.138Z] INFO: Tamanhos listados para produto 22
[2026-01-24T14:13:58.285Z] INFO: Tamanhos listados para produto 23
[2026-01-24T14:13:58.292Z] INFO: Tamanhos listados para produto 24
[2026-01-24T14:13:58.300Z] INFO: Tamanhos listados para produto 25
[2026-01-24T14:14:00.712Z] INFO: Dashboard carregado
[2026-01-24T14:14:00.720Z] INFO: Produtos listados
[2026-01-24T14:14:12.893Z] INFO: Produtos listados
[2026-01-24T14:14:12.910Z] INFO: Tamanhos listados para produto 1
[2026-01-24T14:14:12.933Z] INFO: Tamanhos listados para produto 21
[2026-01-24T14:14:12.938Z] INFO: Tamanhos listados para produto 22
[2026-01-24T14:14:12.952Z] INFO: Tamanhos listados para produto 23
[2026-01-24T14:14:12.960Z] INFO: Tamanhos listados para produto 24
[2026-01-24T14:14:12.967Z] INFO: Tamanhos listados para produto 25
[2026-01-24T14:14:17.613Z] INFO: Dashboard carregado
[2026-01-24T14:14:17.621Z] INFO: Produtos listados
[2026-01-24T14:14:47.619Z] INFO: Dashboard carregado
[2026-01-24T14:14:47.628Z] INFO: Produtos listados
[2026-01-24T14:15:17.621Z] INFO: Dashboard carregado
[2026-01-24T14:15:17.648Z] INFO: Produtos listados
[2026-01-24T14:18:25.413Z] INFO: Dashboard carregado
[2026-01-24T14:18:25.423Z] INFO: Produtos listados
[2026-01-24T14:18:27.070Z] INFO: Dashboard carregado
[2026-01-24T14:18:27.082Z] INFO: Produtos listados
[2026-01-24T14:18:27.884Z] INFO: Dashboard carregado
[2026-01-24T14:18:27.915Z] INFO: Produtos listados
[2026-01-24T14:18:28.885Z] INFO: Dashboard carregado
[2026-01-24T14:18:28.894Z] INFO: Produtos listados
[2026-01-24T14:18:29.658Z] INFO: Dashboard carregado
[2026-01-24T14:18:29.662Z] INFO: Produtos listados
[2026-01-24T14:18:30.525Z] INFO: Dashboard carregado
[2026-01-24T14:18:30.530Z] INFO: Produtos listados
[2026-01-24T14:18:32.399Z] INFO: Dashboard carregado
[2026-01-24T14:18:32.410Z] INFO: Produtos listados
[2026-01-24T14:18:33.444Z] INFO: Dashboard carregado
[2026-01-24T14:18:33.453Z] INFO: Produtos listados
[2026-01-24T14:19:03.759Z] INFO: Dashboard carregado
[2026-01-24T14:19:03.816Z] INFO: Produtos listados
[2026-01-24T14:19:33.812Z] INFO: Dashboard carregado
[2026-01-24T14:19:33.824Z] INFO: Produtos listados
[2026-01-24T14:20:03.753Z] INFO: Dashboard carregado
[2026-01-24T14:20:03.787Z] INFO: Produtos listados
[2026-01-24T14:20:33.750Z] INFO: Dashboard carregado
[2026-01-24T14:20:33.794Z] INFO: Produtos listados
[2026-01-24T14:21:03.758Z] INFO: Dashboard carregado
[2026-01-24T14:21:03.803Z] INFO: Produtos listados
[2026-01-24T14:21:33.741Z] INFO: Dashboard carregado
[2026-01-24T14:21:33.774Z] INFO: Produtos listados
[2026-01-24T14:22:03.752Z] INFO: Dashboard carregado
[2026-01-24T14:22:03.800Z] INFO: Produtos listados
[2026-01-24T14:22:59.739Z] INFO: Dashboard carregado
[2026-01-24T14:22:59.778Z] INFO: Produtos listados
[2026-01-24T14:23:52.670Z] INFO: Dashboard carregado
[2026-01-24T14:23:52.688Z] INFO: Produtos listados
[2026-01-24T14:23:57.414Z] INFO: Dashboard carregado
[2026-01-24T14:23:57.433Z] INFO: Produtos listados
[2026-01-24T14:23:59.283Z] INFO: Configuração salva com sucesso
[2026-01-24T14:23:59.284Z] INFO: Logout bem-sucedido para sessão: 0321cb0158588b54d11271609be616da95dcb2a957dc063ff4a8a272fcf997be
[2026-01-24T14:24:06.719Z] INFO: Configuração salva com sucesso
[2026-01-24T14:24:06.749Z] INFO: Login bem-sucedido para usuário: admin
[2026-01-24T14:24:06.820Z] INFO: Dashboard carregado
[2026-01-24T14:24:07.154Z] INFO: Produtos listados
[2026-01-24T14:24:15.320Z] INFO: Produtos listados
[2026-01-24T14:24:15.339Z] INFO: Tamanhos listados para produto 1
[2026-01-24T14:24:15.345Z] INFO: Tamanhos listados para produto 21
[2026-01-24T14:24:15.353Z] INFO: Tamanhos listados para produto 22
[2026-01-24T14:24:15.359Z] INFO: Tamanhos listados para produto 23
[2026-01-24T14:24:15.365Z] INFO: Tamanhos listados para produto 24
[2026-01-24T14:24:15.373Z] INFO: Tamanhos listados para produto 25
[2026-01-24T14:26:53.763Z] INFO: Produto criado com sucesso. ID: 26 {"nome":"irinel"}
[2026-01-24T14:26:56.052Z] INFO: Produtos listados
[2026-01-24T14:26:56.077Z] INFO: Tamanhos listados para produto 1
[2026-01-24T14:26:56.090Z] INFO: Tamanhos listados para produto 21
[2026-01-24T14:26:56.104Z] INFO: Tamanhos listados para produto 22
[2026-01-24T14:26:56.116Z] INFO: Tamanhos listados para produto 23
[2026-01-24T14:26:56.127Z] INFO: Tamanhos listados para produto 24
[2026-01-24T14:26:56.139Z] INFO: Tamanhos listados para produto 25
[2026-01-24T14:26:56.152Z] INFO: Tamanhos listados para produto 26
[2026-01-24T14:27:52.239Z] INFO: Clientes listados
[2026-01-24T14:27:58.296Z] INFO: Dashboard carregado
[2026-01-24T14:27:58.318Z] INFO: Produtos listados
[2026-01-24T14:28:18.371Z] INFO: Clientes listados
